// Jest Snapshot v1, https://goo.gl/fbAQLP

exports[`OpenRegistration Localization should localize city, state, and postcode fields when changing the selected country 1`] = `"Province*"`;

exports[`OpenRegistration Localization should localize city, state, and postcode fields when changing the selected country 2`] = `
Object {
  "CN1": "Yunnan / 云南",
  "CN10": "Shanghai / 上海",
  "CN11": "Jiangsu / 江苏",
  "CN12": "Zhejiang / 浙江",
  "CN13": "Anhui / 安徽",
  "CN14": "Fujian / 福建",
  "CN15": "Jiangxi / 江西",
  "CN16": "Shandong / 山东",
  "CN17": "Henan / 河南",
  "CN18": "Hubei / 湖北",
  "CN19": "Hunan / 湖南",
  "CN2": "Beijing / 北京",
  "CN20": "Guangdong / 广东",
  "CN21": "Guangxi Zhuang / 广西壮族",
  "CN22": "Hainan / 海南",
  "CN23": "Chongqing / 重庆",
  "CN24": "Sichuan / 四川",
  "CN25": "Guizhou / 贵州",
  "CN26": "Shaanxi / 陕西",
  "CN27": "Gansu / 甘肃",
  "CN28": "Qinghai / 青海",
  "CN29": "Ningxia Hui / 宁夏",
  "CN3": "Tianjin / 天津",
  "CN30": "Macao / 澳门",
  "CN31": "Tibet / 西藏",
  "CN32": "Xinjiang / 新疆",
  "CN4": "Hebei / 河北",
  "CN5": "Shanxi / 山西",
  "CN6": "Inner Mongolia / 內蒙古",
  "CN7": "Liaoning / 辽宁",
  "CN8": "Jilin / 吉林",
  "CN9": "Heilongjiang / 黑龙江",
}
`;

exports[`OpenRegistration Localization should localize city, state, and postcode fields when changing the selected country 3`] = `"City*"`;

exports[`OpenRegistration Localization should localize city, state, and postcode fields when changing the selected country 4`] = `"Postal code*"`;

exports[`OpenRegistration Localization should localize city, state, and postcode fields when changing the selected country 5`] = `"Region*"`;

exports[`OpenRegistration Localization should localize city, state, and postcode fields when changing the selected country 6`] = `
Object {
  "AMA": "Amazonas",
  "ANC": "Áncash",
  "APU": "Apurímac",
  "ARE": "Arequipa",
  "AYA": "Ayacucho",
  "CAJ": "Cajamarca",
  "CAL": "Callao",
  "CUS": "Cusco",
  "HUC": "Huanuco",
  "HUV": "Huancavelica",
  "ICA": "Ica",
  "JUN": "Junín",
  "LAL": "La Libertad",
  "LAM": "Lambayeque",
  "LIM": "Lima",
  "MDD": "Madre de Dios",
  "MOQ": "Moquegua",
  "PAS": "Pasco",
  "PIU": "Piura",
  "PUN": "Puno",
  "SAM": "San Martín",
  "TAC": "Tacna",
  "TUM": "Tumbes",
  "UCA": "Ucayali",
}
`;

exports[`OpenRegistration Localization should localize city, state, and postcode fields when changing the selected country 7`] = `"District*"`;

exports[`OpenRegistration Localization should localize city, state, and postcode fields when changing the selected country 8`] = `"Postal code*"`;

exports[`OpenRegistration Localization should localize city, state, and postcode fields when changing the selected country 9`] = `
Object {
  "AA": "Armed Forces (Americas)",
  "AE": "Armed Forces (Europe, Canada, Africa, Middle East)",
  "AK": "Alaska",
  "AL": "Alabama",
  "AP": "Armed Forces (Pacific)",
  "AR": "Arkansas",
  "AS": "American Samoa",
  "AZ": "Arizona",
  "CA": "California",
  "CO": "Colorado",
  "CT": "Connecticut",
  "DC": "District of Columbia",
  "DE": "Delaware",
  "FL": "Florida",
  "GA": "Georgia",
  "GU": "Guam",
  "HI": "Hawaii",
  "IA": "Iowa",
  "ID": "Idaho",
  "IL": "Illinois",
  "IN": "Indiana",
  "KS": "Kansas",
  "KY": "Kentucky",
  "LA": "Louisiana",
  "MA": "Massachusetts",
  "MD": "Maryland",
  "ME": "Maine",
  "MI": "Michigan",
  "MN": "Minnesota",
  "MO": "Missouri",
  "MP": "Northern Mariana Islands",
  "MS": "Mississippi",
  "MT": "Montana",
  "NC": "North Carolina",
  "ND": "North Dakota",
  "NE": "Nebraska",
  "NH": "New Hampshire",
  "NJ": "New Jersey",
  "NM": "New Mexico",
  "NV": "Nevada",
  "NY": "New York",
  "OH": "Ohio",
  "OK": "Oklahoma",
  "OR": "Oregon",
  "PA": "Pennsylvania",
  "PR": "Puerto Rico",
  "RI": "Rhode Island",
  "SC": "South Carolina",
  "SD": "South Dakota",
  "TN": "Tennessee",
  "TX": "Texas",
  "UM": "United States Minor Outlying Islands",
  "UT": "Utah",
  "VA": "Virginia",
  "VI": "United States Virgin Islands",
  "VT": "Vermont",
  "WA": "Washington",
  "WI": "Wisconsin",
  "WV": "West Virginia",
  "WY": "Wyoming",
}
`;

exports[`OpenRegistration Localization should localize city, state, and postcode fields when changing the selected country 10`] = `"State*"`;

exports[`OpenRegistration Localization should localize city, state, and postcode fields when changing the selected country 11`] = `"City*"`;

exports[`OpenRegistration Localization should localize city, state, and postcode fields when changing the selected country 12`] = `"ZIP code*"`;

exports[`OpenRegistration Localization should localize city, state, and postcode fields when changing the selected country 13`] = `
Object {
  "AJ": "Ajman Emirate",
  "AZ": "Abu Dhabi Emirate",
  "DU": "Dubai",
  "FU": "Fujairah",
  "RK": "Ras al-Khaimah",
  "SH": "Sharjah Emirate",
  "UQ": "Umm al-Quwain",
}
`;

exports[`OpenRegistration Localization should localize city, state, and postcode fields when changing the selected country 14`] = `"Emirate*"`;

exports[`OpenRegistration Localization should localize city, state, and postcode fields when changing the selected country 15`] = `
Object {
  " ": " ",
}
`;

exports[`OpenRegistration Localization should localize city, state, and postcode fields when changing the selected country 16`] = `"City*"`;

exports[`OpenRegistration Localization should localize city, state, and postcode fields when changing the selected country 17`] = `"Postal code*"`;

exports[`OpenRegistration Registration should register a new user with a voucher. 1`] = `" <h4 class=\\"llms-notification-title\\">Course enrollment success!</h4> <div class=\\"llms-notification-body\\"><p>Congratulations! You enrolled in LifterLMS Quickstart Course</p> </div> "`;
