// Jest Snapshot v1, https://goo.gl/fbAQLP

exports[`AwardCertificateButton getMessage No student and no template 1`] = `""`;

exports[`AwardCertificateButton getMessage Student and no template 1`] = `"Create a new certificate award from this template for the selected student."`;

exports[`AwardCertificateButton getMessage Template and no student 1`] = `"Create a new certificate award from the selected template for this student."`;

exports[`AwardCertificateButton getMessage Template and student 1`] = `"Create a new certificate award from the selected template for the selected student."`;

exports[`AwardCertificateButton urls getRedirectUrl Returns the URL 1`] = `"/wp-admin/post.php?post=123&action=edit&newAwardMsg=1"`;

exports[`AwardCertificateButton urls getScratchUrl With student ID 1`] = `"/wp-admin/post-new.php?post_type=llms_my_certificate&sid=123"`;

exports[`AwardCertificateButton urls getScratchUrl Without student ID 1`] = `"/wp-admin/post-new.php?post_type=llms_my_certificate"`;
